// Jest Snapshot v1, https://goo.gl/fbAQLP

exports[`public api 1`] = `
Array [
  "$url",
  "$urlParse",
  "$urlMatches",
  "$urlSet",
  "serializableSearchParams",
  "serializableURLObject",
]
`;
